// Jest Snapshot v1, https://goo.gl/fbAQLP

exports[`renders correctly 1`] = `
<div
  className="card h-100"
>
  <img
    alt="..."
    className="card-img-top"
    src="url:image"
  />
  <div
    className="card-body d-flex flex-column"
  >
    <h5
      className="card-title"
    >
      videoTitle
    </h5>
    <div
      className="btn-group"
    >
      <button
        className="btn btn-primary mt-auto btn-block play"
        onClick={[Function]}
      >
        Play!
      </button>
    </div>
  </div>
</div>
`;
